---
source: crates/lexer/src/lib.rs
expression: test_lexing(contents)
---
 (Token: Let, Location: 0..3) 
 (Token: Identifier("five"), Location: 4..8) 
 (Token: Assign, Location: 9..10) 
 (Token: Integer("5"), Location: 11..12) 
 (Token: Semicolon, Location: 12..13) 
 (Token: Let, Location: 14..17) 
 (Token: Identifier("ten"), Location: 18..21) 
 (Token: Assign, Location: 22..23) 
 (Token: Integer("10"), Location: 24..26) 
 (Token: Semicolon, Location: 26..27) 
 (Token: Let, Location: 28..31) 
 (Token: Identifier("add"), Location: 32..35) 
 (Token: Assign, Location: 36..37) 
 (Token: Function, Location: 38..40) 
 (Token: LeftParen, Location: 40..41) 
 (Token: Identifier("x"), Location: 41..42) 
 (Token: Comma, Location: 42..43) 
 (Token: Identifier("y"), Location: 44..45) 
 (Token: RightParen, Location: 45..46) 
 (Token: LeftBrace, Location: 47..48) 
 (Token: Identifier("x"), Location: 49..50) 
 (Token: Plus, Location: 51..52) 
 (Token: Identifier("y"), Location: 53..54) 
 (Token: Semicolon, Location: 54..55) 
 (Token: RightBrace, Location: 56..57) 
 (Token: Semicolon, Location: 57..58) 
 (Token: Let, Location: 59..62) 
 (Token: Identifier("result"), Location: 63..69) 
 (Token: Assign, Location: 70..71) 
 (Token: Identifier("add"), Location: 72..75) 
 (Token: LeftParen, Location: 75..76) 
 (Token: Identifier("five"), Location: 76..80) 
 (Token: Comma, Location: 80..81) 
 (Token: Identifier("ten"), Location: 82..85) 
 (Token: RightParen, Location: 85..86) 
 (Token: Semicolon, Location: 86..87) 
 (Token: ExclamationMark, Location: 88..89) 
 (Token: Minus, Location: 89..90) 
 (Token: Division, Location: 90..91) 
 (Token: Multiplication, Location: 91..92) 
 (Token: Integer("5"), Location: 92..93) 
 (Token: Semicolon, Location: 93..94) 
 (Token: Integer("5"), Location: 95..96) 
 (Token: LessThan, Location: 97..98) 
 (Token: Integer("10"), Location: 99..101) 
 (Token: GreaterThan, Location: 102..103) 
 (Token: Integer("5"), Location: 104..105) 
 (Token: Semicolon, Location: 105..106) 
 (Token: If, Location: 108..110) 
 (Token: LeftParen, Location: 111..112) 
 (Token: Integer("5"), Location: 112..113) 
 (Token: LessThan, Location: 114..115) 
 (Token: Integer("10"), Location: 116..118) 
 (Token: RightParen, Location: 118..119) 
 (Token: LeftBrace, Location: 120..121) 
 (Token: Return, Location: 126..132) 
 (Token: True, Location: 133..137) 
 (Token: Semicolon, Location: 137..138) 
 (Token: RightBrace, Location: 139..140) 
 (Token: Else, Location: 141..145) 
 (Token: LeftBrace, Location: 146..147) 
 (Token: Return, Location: 152..158) 
 (Token: False, Location: 159..164) 
 (Token: Semicolon, Location: 164..165) 
 (Token: RightBrace, Location: 166..167) 

